// Jest Snapshot v1, https://goo.gl/fbAQLP

exports[`Navbar component snapshot 1`] = `
<nav
  className="navbar navbar-expand-lg navbar-dark primary-color"
>
  <a
    className="navbar-brand"
    href="#"
  >
    Books Cart
  </a>
  <div
    className="collapse navbar-collapse"
    id="navbarSupportedContent-4"
  >
    <ul
      className="navbar-nav ml-auto"
    >
      <li
        className="nav-item"
      >
        <p
          className="items"
        >
          Total Items: 
        </p>
      </li>
      <li
        className="nav-item"
      >
        <p
          className="productPrice"
        >
          Total Price: 
        </p>
      </li>
      <li
        className="nav-item"
      >
        <i
          className="fa fa-shopping-cart"
        />
      </li>
    </ul>
  </div>
</nav>
`;
